The amount of lives must be a non-negative number.
