invalid_file.txt (No such file or directory)
  0. Custom
  1. Countries
  2. Counties
  3. Cities
Pick a category [0, 1, 2, or 3]:
